!\retcode gpconfig -c autovacuum -v off --skipvalidation;
(exited with code 0)
!\retcode gpstop -ari;
(exited with code 0)
! psql postgres -c "show autovacuum;";
 autovacuum 
------------
 off
(1 row)


