!\retcode gpconfig -c autovacuum -v on --skipvalidation;
(exited with code 0)
!\retcode gpstop -ari;
(exited with code 0)
! psql postgres -c "show autovacuum;";
 autovacuum 
------------
 on
(1 row)


